{"languages":["en"],"namespace":"menu","key":"error.title","fallback":"error.title","timestamp":"2026-06-11T22:02:00.845Z","url":"http://localhost:8081/reports/bills"}
{"languages":["en"],"namespace":"menu","key":"error.goHome","fallback":"error.goHome","timestamp":"2026-06-11T22:02:00.851Z","url":"http://localhost:8081/reports/bills"}
{"languages":["en"],"namespace":"menu","key":"error.description","fallback":"error.description","timestamp":"2026-06-11T22:02:00.848Z","url":"http://localhost:8081/reports/bills"}
{"languages":["en"],"namespace":"menu","key":"departments.noData","fallback":"departments.noData","timestamp":"2026-06-12T09:24:16.785Z","url":"http://localhost:8081/menu/departments"}
{"languages":["en"],"namespace":"menu","key":"departments.noDataSubtitle","fallback":"departments.noDataSubtitle","timestamp":"2026-06-12T09:24:16.787Z","url":"http://localhost:8081/menu/departments"}
{"languages":["en"],"namespace":"menu","key":"departments.noData","fallback":"departments.noData","timestamp":"2026-06-12T09:24:24.961Z","url":"http://localhost:8081/menu/departments"}
{"languages":["en"],"namespace":"menu","key":"departments.noDataSubtitle","fallback":"departments.noDataSubtitle","timestamp":"2026-06-12T09:24:24.963Z","url":"http://localhost:8081/menu/departments"}
{"languages":["en"],"namespace":"menu","key":"departments.noData","fallback":"departments.noData","timestamp":"2026-06-12T09:24:39.909Z","url":"http://localhost:8081/menu/departments"}
{"languages":["en"],"namespace":"menu","key":"departments.noDataSubtitle","fallback":"departments.noDataSubtitle","timestamp":"2026-06-12T09:24:39.911Z","url":"http://localhost:8081/menu/departments"}
{"languages":["en"],"namespace":"menu","key":"departments.noData","fallback":"departments.noData","timestamp":"2026-06-12T09:24:43.566Z","url":"http://localhost:8081/menu/departments"}
{"languages":["en"],"namespace":"menu","key":"departments.noDataSubtitle","fallback":"departments.noDataSubtitle","timestamp":"2026-06-12T09:24:43.568Z","url":"http://localhost:8081/menu/departments"}
{"languages":["en"],"namespace":"menu","key":"departments.noData","fallback":"departments.noData","timestamp":"2026-06-12T11:28:08.134Z","url":"http://localhost:8081/menu/departments"}
{"languages":["en"],"namespace":"menu","key":"departments.noDataSubtitle","fallback":"departments.noDataSubtitle","timestamp":"2026-06-12T11:28:08.135Z","url":"http://localhost:8081/menu/departments"}
{"languages":["en"],"namespace":"common","key":"all","fallback":"all","timestamp":"2026-06-12T11:28:17.445Z","url":"http://localhost:8081/menu/category"}
{"languages":["en"],"namespace":"menu","key":"warehouse.kg","fallback":"warehouse.kg","timestamp":"2026-06-12T11:28:27.339Z","url":"http://localhost:8081/menu/ingredients"}
{"languages":["en"],"namespace":"menu","key":"warehouse.l","fallback":"warehouse.l","timestamp":"2026-06-12T11:28:27.340Z","url":"http://localhost:8081/menu/ingredients"}
{"languages":["en"],"namespace":"menu","key":"warehouse.piece","fallback":"warehouse.piece","timestamp":"2026-06-12T11:28:27.341Z","url":"http://localhost:8081/menu/ingredients"}
{"languages":["en"],"namespace":"menu","key":"warehouse.g","fallback":"warehouse.g","timestamp":"2026-06-12T11:28:27.342Z","url":"http://localhost:8081/menu/ingredients"}
{"languages":["en"],"namespace":"menu","key":"warehouse.ml","fallback":"warehouse.ml","timestamp":"2026-06-12T11:28:27.343Z","url":"http://localhost:8081/menu/ingredients"}
{"languages":["en"],"namespace":"menu","key":"common.export","fallback":"common.export","timestamp":"2026-06-12T11:29:07.784Z","url":"http://localhost:8081/warehouse/deductions"}
{"languages":["en"],"namespace":"menu","key":"common.confirmDelete","fallback":"common.confirmDelete","timestamp":"2026-06-12T11:29:07.785Z","url":"http://localhost:8081/warehouse/deductions"}
{"languages":["en"],"namespace":"menu","key":"common.deleteMessage","fallback":"common.deleteMessage","timestamp":"2026-06-12T11:29:07.786Z","url":"http://localhost:8081/warehouse/deductions"}
{"languages":["en"],"namespace":"menu","key":"warehouse.storage","fallback":"warehouse.storage","timestamp":"2026-06-12T11:29:10.273Z","url":"http://localhost:8081/warehouse/transfers"}
{"languages":["en"],"namespace":"menu","key":"goodsReports.searchMeals","fallback":"Search meals","timestamp":"2026-06-12T11:29:51.279Z","url":"http://localhost:8081/reports/goods"}
{"languages":["en"],"namespace":"menu","key":"viewDetails","fallback":"viewDetails","timestamp":"2026-06-12T11:29:51.280Z","url":"http://localhost:8081/reports/goods"}
{"languages":["en"],"namespace":"menu","key":"tryAdjustingFilters","fallback":"tryAdjustingFilters","timestamp":"2026-06-12T11:29:51.281Z","url":"http://localhost:8081/reports/goods"}
{"languages":["en"],"namespace":"menu","key":"common.deleteConfirmation","fallback":"common.deleteConfirmation","timestamp":"2026-06-12T11:29:56.870Z","url":"http://localhost:8081/cashbox/transactions"}
{"languages":["en"],"namespace":"menu","key":"cashbox.customerPaid","fallback":"cashbox.customerPaid","timestamp":"2026-06-12T11:29:56.876Z","url":"http://localhost:8081/cashbox/transactions"}
{"languages":["en"],"namespace":"menu","key":"cashbox.changeAmount","fallback":"cashbox.changeAmount","timestamp":"2026-06-12T11:29:56.877Z","url":"http://localhost:8081/cashbox/transactions"}
{"languages":["en"],"namespace":"menu","key":"common.noDataSubtitle","fallback":"common.noDataSubtitle","timestamp":"2026-06-12T11:29:59.317Z","url":"http://localhost:8081/cashbox/transaction-groups"}
{"languages":["en"],"namespace":"menu","key":"users.noEmployees","fallback":"users.noEmployees","timestamp":"2026-06-12T11:30:14.313Z","url":"http://localhost:8081/settings/users"}
{"languages":["en"],"namespace":"menu","key":"users.noEmployeesSubtitle","fallback":"users.noEmployeesSubtitle","timestamp":"2026-06-12T11:30:14.315Z","url":"http://localhost:8081/settings/users"}
{"languages":["en"],"namespace":"menu","key":"common.search","fallback":"common.search","timestamp":"2026-06-12T11:30:24.018Z","url":"http://localhost:8081/staffing/salary"}
{"languages":["en"],"namespace":"menu","key":"devices.connectionType","fallback":"devices.connectionType","timestamp":"2026-06-12T11:30:43.625Z","url":"http://localhost:8081/settings/devices"}
{"languages":["en"],"namespace":"common","key":"all","fallback":"all","timestamp":"2026-06-12T11:35:57.482Z","url":"http://localhost:8081/menu/meals"}
{"languages":["en"],"namespace":"common","key":"all","fallback":"all","timestamp":"2026-06-12T11:46:56.704Z","url":"http://localhost:8081/menu/meals"}
{"languages":["en"],"namespace":"common","key":"all","fallback":"all","timestamp":"2026-06-12T11:47:12.120Z","url":"http://localhost:8081/menu/meals"}
{"languages":["en"],"namespace":"common","key":"all","fallback":"all","timestamp":"2026-06-12T11:47:19.006Z","url":"http://localhost:8081/menu/meals"}
{"languages":["en"],"namespace":"common","key":"all","fallback":"all","timestamp":"2026-06-12T11:47:25.015Z","url":"http://localhost:8081/menu/meals"}
{"languages":["en"],"namespace":"common","key":"all","fallback":"all","timestamp":"2026-06-12T11:47:31.071Z","url":"http://localhost:8081/menu/meals"}
{"languages":["en"],"namespace":"common","key":"all","fallback":"all","timestamp":"2026-06-12T11:47:38.090Z","url":"http://localhost:8081/menu/meals"}
{"languages":["en"],"namespace":"common","key":"all","fallback":"all","timestamp":"2026-06-12T11:47:45.391Z","url":"http://localhost:8081/menu/meals"}
{"languages":["en"],"namespace":"common","key":"all","fallback":"all","timestamp":"2026-06-12T11:48:01.111Z","url":"http://localhost:8081/menu/meals"}
{"languages":["en"],"namespace":"common","key":"all","fallback":"all","timestamp":"2026-06-12T11:48:26.236Z","url":"http://localhost:8081/menu/meals"}
{"languages":["en"],"namespace":"common","key":"all","fallback":"all","timestamp":"2026-06-12T11:48:48.661Z","url":"http://localhost:8081/menu/meals"}
{"languages":["en"],"namespace":"common","key":"all","fallback":"all","timestamp":"2026-06-12T11:48:56.434Z","url":"http://localhost:8081/menu/meals"}
{"languages":["en"],"namespace":"common","key":"all","fallback":"all","timestamp":"2026-06-12T11:49:19.344Z","url":"http://localhost:8081/menu/meals"}
{"languages":["en"],"namespace":"common","key":"all","fallback":"all","timestamp":"2026-06-12T11:49:29.365Z","url":"http://localhost:8081/menu/meals"}
{"languages":["en"],"namespace":"common","key":"all","fallback":"all","timestamp":"2026-06-12T11:49:38.397Z","url":"http://localhost:8081/menu/meals"}
{"languages":["en"],"namespace":"menu","key":"common.export","fallback":"common.export","timestamp":"2026-06-12T11:51:35.193Z","url":"http://localhost:8081/operations/deductions"}
{"languages":["en"],"namespace":"menu","key":"common.confirmDelete","fallback":"common.confirmDelete","timestamp":"2026-06-12T11:51:35.194Z","url":"http://localhost:8081/operations/deductions"}
{"languages":["en"],"namespace":"menu","key":"common.deleteMessage","fallback":"common.deleteMessage","timestamp":"2026-06-12T11:51:35.195Z","url":"http://localhost:8081/operations/deductions"}
{"languages":["en"],"namespace":"menu","key":"departments.noData","fallback":"departments.noData","timestamp":"2026-06-12T13:58:57.054Z","url":"http://localhost:8081/storage/departments"}
{"languages":["en"],"namespace":"menu","key":"departments.noDataSubtitle","fallback":"departments.noDataSubtitle","timestamp":"2026-06-12T13:58:57.063Z","url":"http://localhost:8081/storage/departments"}
{"languages":["en"],"namespace":"common","key":"all","fallback":"all","timestamp":"2026-06-12T13:58:58.597Z","url":"http://localhost:8081/storage/categories"}
{"languages":["en"],"namespace":"menu","key":"cashbox.cashierDeleted","fallback":"cashbox.cashierDeleted","timestamp":"2026-06-13T15:39:16.458Z","url":"http://localhost:8081/cashbooks/transactions"}
{"languages":["en"],"namespace":"menu","key":"mealsProducts.totalCost","fallback":"mealsProducts.totalCost","timestamp":"2026-06-13T16:28:49.744Z","url":"http://localhost:8081/menu/meals/new"}
{"languages":["en"],"namespace":"menu","key":"warehouse.invoiceDetails.sortAsc","fallback":"warehouse.invoiceDetails.sortAsc","timestamp":"2026-06-13T16:28:49.777Z","url":"http://localhost:8081/menu/meals/new"}
{"languages":["en"],"namespace":"menu","key":"mealsProducts.comingSoon","fallback":"mealsProducts.comingSoon","timestamp":"2026-06-13T16:28:49.810Z","url":"http://localhost:8081/menu/meals/new"}
{"languages":["en"],"namespace":"menu","key":"warehouse.invoiceDetails.sortAsc","fallback":"warehouse.invoiceDetails.sortAsc","timestamp":"2026-06-13T16:36:41.799Z","url":"http://localhost:8081/warehouse/invoices/new"}
{"languages":["en"],"namespace":"menu","key":"inventory.dateTime","fallback":"inventory.dateTime","timestamp":"2026-06-14T09:11:58.441Z","url":"http://localhost:8081/operations/inventory/new"}
{"languages":["en"],"namespace":"menu","key":"warehouse.invoiceDetails.sortAsc","fallback":"warehouse.invoiceDetails.sortAsc","timestamp":"2026-06-14T09:11:58.516Z","url":"http://localhost:8081/operations/inventory/new"}
{"languages":["en"],"namespace":"menu","key":"inventory.dateTime","fallback":"inventory.dateTime","timestamp":"2026-06-14T09:12:52.276Z","url":"http://localhost:8081/operations/inventory/new"}
{"languages":["en"],"namespace":"menu","key":"warehouse.invoiceDetails.sortAsc","fallback":"warehouse.invoiceDetails.sortAsc","timestamp":"2026-06-14T09:12:52.460Z","url":"http://localhost:8081/operations/inventory/new"}
{"languages":["en"],"namespace":"menu","key":"mealsProducts.upload_image","fallback":"mealsProducts.upload_image","timestamp":"2026-06-14T09:59:03.677Z","url":"http://localhost:8081/operations/inventory/new"}
{"languages":["en"],"namespace":"menu","key":"mealsProducts.totalCost","fallback":"mealsProducts.totalCost","timestamp":"2026-06-14T09:59:29.840Z","url":"http://localhost:8081/menu/meals/new"}
{"languages":["en"],"namespace":"menu","key":"mealsProducts.comingSoon","fallback":"mealsProducts.comingSoon","timestamp":"2026-06-14T09:59:29.989Z","url":"http://localhost:8081/menu/meals/new"}
{"languages":["en"],"namespace":"menu","key":"mealsProducts.upload_image","fallback":"mealsProducts.upload_image","timestamp":"2026-06-14T10:01:02.502Z","url":"http://localhost:8081/menu/ingredients/new"}
{"languages":["en"],"namespace":"menu","key":"mealsProducts.upload_image","fallback":"mealsProducts.upload_image","timestamp":"2026-06-14T10:02:04.235Z","url":"http://localhost:8081/menu/ingredients/new"}
{"languages":["en"],"namespace":"menu","key":"mealsProducts.totalCost","fallback":"mealsProducts.totalCost","timestamp":"2026-06-14T10:03:02.000Z","url":"http://localhost:8081/menu/meals/new"}
{"languages":["en"],"namespace":"menu","key":"warehouse.invoiceDetails.sortAsc","fallback":"warehouse.invoiceDetails.sortAsc","timestamp":"2026-06-14T10:03:02.014Z","url":"http://localhost:8081/menu/meals/new"}
{"languages":["en"],"namespace":"menu","key":"mealsProducts.comingSoon","fallback":"mealsProducts.comingSoon","timestamp":"2026-06-14T10:03:02.031Z","url":"http://localhost:8081/menu/meals/new"}
{"languages":["en"],"namespace":"menu","key":"warehouse.invoiceDetails.sortAsc","fallback":"warehouse.invoiceDetails.sortAsc","timestamp":"2026-06-14T10:05:03.451Z","url":"http://localhost:8081/warehouse/invoices/new"}
{"languages":["en"],"namespace":"menu","key":"mealsProducts.upload_image","fallback":"mealsProducts.upload_image","timestamp":"2026-06-14T10:05:05.864Z","url":"http://localhost:8081/warehouse/invoices/new"}
{"languages":["en"],"namespace":"menu","key":"mealsProducts.totalCost","fallback":"mealsProducts.totalCost","timestamp":"2026-06-14T10:10:04.363Z","url":"http://localhost:8081/menu/meals/new"}
{"languages":["en"],"namespace":"menu","key":"mealsProducts.comingSoon","fallback":"mealsProducts.comingSoon","timestamp":"2026-06-14T10:10:04.434Z","url":"http://localhost:8081/menu/meals/new"}
{"languages":["en"],"namespace":"menu","key":"warehouse.invoices.created","fallback":"warehouse.invoices.created","timestamp":"2026-06-14T10:22:04.927Z","url":"http://localhost:8081/warehouse/invoices/new"}
{"languages":["en"],"namespace":"menu","key":"inventory.dateTime","fallback":"inventory.dateTime","timestamp":"2026-06-14T10:56:31.499Z","url":"http://localhost:8081/operations/inventory/b1ef9bcb-10d9-4b41-a20d-8230e4065bb3/edit"}
{"languages":["en"],"namespace":"menu","key":"warehouse.invoiceDetails.sortAsc","fallback":"warehouse.invoiceDetails.sortAsc","timestamp":"2026-06-14T10:56:31.577Z","url":"http://localhost:8081/operations/inventory/b1ef9bcb-10d9-4b41-a20d-8230e4065bb3/edit"}
{"languages":["en"],"namespace":"menu","key":"success.updated","fallback":"success.updated","timestamp":"2026-06-14T10:56:51.233Z","url":"http://localhost:8081/operations/inventory/b1ef9bcb-10d9-4b41-a20d-8230e4065bb3/edit"}
{"languages":["en"],"namespace":"menu","key":"success.created","fallback":"success.created","timestamp":"2026-06-14T10:57:57.104Z","url":"http://localhost:8081/operations/inventory/new"}
{"languages":["en"],"namespace":"menu","key":"warehouse.invoiceDetails.sortAsc","fallback":"warehouse.invoiceDetails.sortAsc","timestamp":"2026-06-14T11:21:55.594Z","url":"http://localhost:8081/warehouse/invoices/new"}
{"languages":["en"],"namespace":"menu","key":"mealsProducts.upload_image","fallback":"mealsProducts.upload_image","timestamp":"2026-06-14T11:21:58.752Z","url":"http://localhost:8081/warehouse/invoices/new"}
{"languages":["en"],"namespace":"menu","key":"warehouse.invoiceDetails.sortAsc","fallback":"warehouse.invoiceDetails.sortAsc","timestamp":"2026-06-14T12:25:53.991Z","url":"http://localhost:8081/warehouse/invoices/new"}
{"languages":["en"],"namespace":"menu","key":"warehouse.invoiceDetails.sortAsc","fallback":"warehouse.invoiceDetails.sortAsc","timestamp":"2026-06-14T12:26:14.993Z","url":"http://localhost:8081/warehouse/invoices/new"}
{"languages":["en"],"namespace":"menu","key":"warehouse.invoiceDetails.sortAsc","fallback":"warehouse.invoiceDetails.sortAsc","timestamp":"2026-06-14T12:30:40.869Z","url":"http://localhost:8081/warehouse/invoices/new"}
{"languages":["en"],"namespace":"menu","key":"mealsProducts.totalCost","fallback":"mealsProducts.totalCost","timestamp":"2026-06-15T07:53:57.726Z","url":"http://localhost:8081/menu/meals/new"}
{"languages":["en"],"namespace":"menu","key":"warehouse.invoiceDetails.sortAsc","fallback":"warehouse.invoiceDetails.sortAsc","timestamp":"2026-06-15T07:53:57.742Z","url":"http://localhost:8081/menu/meals/new"}
{"languages":["en"],"namespace":"menu","key":"mealsProducts.comingSoon","fallback":"mealsProducts.comingSoon","timestamp":"2026-06-15T07:53:57.757Z","url":"http://localhost:8081/menu/meals/new"}
{"languages":["en"],"namespace":"menu","key":"mealsProducts.totalCost","fallback":"mealsProducts.totalCost","timestamp":"2026-06-15T09:19:48.886Z","url":"http://localhost:8081/menu/meals/new"}
{"languages":["en"],"namespace":"menu","key":"warehouse.invoiceDetails.sortAsc","fallback":"warehouse.invoiceDetails.sortAsc","timestamp":"2026-06-15T09:19:48.912Z","url":"http://localhost:8081/menu/meals/new"}
{"languages":["en"],"namespace":"menu","key":"mealsProducts.comingSoon","fallback":"mealsProducts.comingSoon","timestamp":"2026-06-15T09:19:48.926Z","url":"http://localhost:8081/menu/meals/new"}
{"languages":["en"],"namespace":"menu","key":"users.identityDetails","fallback":"users.identityDetails","timestamp":"2026-06-15T09:26:11.260Z","url":"http://localhost:8081/employee/users/new"}
{"languages":["en"],"namespace":"menu","key":"users.personalLoginInfo","fallback":"users.personalLoginInfo","timestamp":"2026-06-15T09:26:11.260Z","url":"http://localhost:8081/employee/users/new"}
{"languages":["en"],"namespace":"menu","key":"users.systemAccess","fallback":"users.systemAccess","timestamp":"2026-06-15T09:26:11.261Z","url":"http://localhost:8081/employee/users/new"}
{"languages":["en"],"namespace":"menu","key":"users.permissionsHardware","fallback":"users.permissionsHardware","timestamp":"2026-06-15T09:26:11.261Z","url":"http://localhost:8081/employee/users/new"}
{"languages":["en"],"namespace":"menu","key":"common.selectRole","fallback":"common.selectRole","timestamp":"2026-06-15T09:26:11.262Z","url":"http://localhost:8081/employee/users/new"}
{"languages":["en"],"namespace":"menu","key":"common.active","fallback":"common.active","timestamp":"2026-06-15T09:26:11.262Z","url":"http://localhost:8081/employee/users/new"}
{"languages":["en"],"namespace":"menu","key":"common.inactive","fallback":"common.inactive","timestamp":"2026-06-15T09:26:11.263Z","url":"http://localhost:8081/employee/users/new"}
{"languages":["en"],"namespace":"menu","key":"users.addEmployee","fallback":"users.addEmployee","timestamp":"2026-06-15T09:26:11.263Z","url":"http://localhost:8081/employee/users/new"}
{"languages":["en"],"namespace":"menu","key":"saving","fallback":"saving","timestamp":"2026-06-15T09:26:11.310Z","url":"http://localhost:8081/employee/users/new"}
{"languages":["en"],"namespace":"menu","key":"users.identityDetails","fallback":"users.identityDetails","timestamp":"2026-06-15T09:26:16.153Z","url":"http://localhost:8081/employee/users/0650e142-9b11-4a3a-b140-6c5053118591/edit"}
{"languages":["en"],"namespace":"menu","key":"users.personalLoginInfo","fallback":"users.personalLoginInfo","timestamp":"2026-06-15T09:26:16.153Z","url":"http://localhost:8081/employee/users/0650e142-9b11-4a3a-b140-6c5053118591/edit"}
{"languages":["en"],"namespace":"menu","key":"users.systemAccess","fallback":"users.systemAccess","timestamp":"2026-06-15T09:26:16.154Z","url":"http://localhost:8081/employee/users/0650e142-9b11-4a3a-b140-6c5053118591/edit"}
{"languages":["en"],"namespace":"menu","key":"users.permissionsHardware","fallback":"users.permissionsHardware","timestamp":"2026-06-15T09:26:16.154Z","url":"http://localhost:8081/employee/users/0650e142-9b11-4a3a-b140-6c5053118591/edit"}
{"languages":["en"],"namespace":"menu","key":"common.selectRole","fallback":"common.selectRole","timestamp":"2026-06-15T09:26:16.155Z","url":"http://localhost:8081/employee/users/0650e142-9b11-4a3a-b140-6c5053118591/edit"}
{"languages":["en"],"namespace":"menu","key":"common.active","fallback":"common.active","timestamp":"2026-06-15T09:26:16.155Z","url":"http://localhost:8081/employee/users/0650e142-9b11-4a3a-b140-6c5053118591/edit"}
{"languages":["en"],"namespace":"menu","key":"common.inactive","fallback":"common.inactive","timestamp":"2026-06-15T09:26:16.155Z","url":"http://localhost:8081/employee/users/0650e142-9b11-4a3a-b140-6c5053118591/edit"}
{"languages":["en"],"namespace":"menu","key":"users.updateEmployee","fallback":"users.updateEmployee","timestamp":"2026-06-15T09:26:16.156Z","url":"http://localhost:8081/employee/users/0650e142-9b11-4a3a-b140-6c5053118591/edit"}
{"languages":["en"],"namespace":"menu","key":"saving","fallback":"saving","timestamp":"2026-06-15T09:26:16.326Z","url":"http://localhost:8081/employee/users/0650e142-9b11-4a3a-b140-6c5053118591/edit"}
{"languages":["en"],"namespace":"menu","key":"users.updated","fallback":"users.updated","timestamp":"2026-06-15T09:26:25.032Z","url":"http://localhost:8081/employee/users/0650e142-9b11-4a3a-b140-6c5053118591/edit"}
{"languages":["en"],"namespace":"menu","key":"users.identityDetails","fallback":"users.identityDetails","timestamp":"2026-06-15T09:26:30.723Z","url":"http://localhost:8081/employee/users/0650e142-9b11-4a3a-b140-6c5053118591/edit"}
{"languages":["en"],"namespace":"menu","key":"users.personalLoginInfo","fallback":"users.personalLoginInfo","timestamp":"2026-06-15T09:26:30.723Z","url":"http://localhost:8081/employee/users/0650e142-9b11-4a3a-b140-6c5053118591/edit"}
{"languages":["en"],"namespace":"menu","key":"users.systemAccess","fallback":"users.systemAccess","timestamp":"2026-06-15T09:26:30.724Z","url":"http://localhost:8081/employee/users/0650e142-9b11-4a3a-b140-6c5053118591/edit"}
{"languages":["en"],"namespace":"menu","key":"users.permissionsHardware","fallback":"users.permissionsHardware","timestamp":"2026-06-15T09:26:30.724Z","url":"http://localhost:8081/employee/users/0650e142-9b11-4a3a-b140-6c5053118591/edit"}
{"languages":["en"],"namespace":"menu","key":"common.selectRole","fallback":"common.selectRole","timestamp":"2026-06-15T09:26:30.725Z","url":"http://localhost:8081/employee/users/0650e142-9b11-4a3a-b140-6c5053118591/edit"}
{"languages":["en"],"namespace":"menu","key":"common.active","fallback":"common.active","timestamp":"2026-06-15T09:26:30.725Z","url":"http://localhost:8081/employee/users/0650e142-9b11-4a3a-b140-6c5053118591/edit"}
{"languages":["en"],"namespace":"menu","key":"common.inactive","fallback":"common.inactive","timestamp":"2026-06-15T09:26:30.726Z","url":"http://localhost:8081/employee/users/0650e142-9b11-4a3a-b140-6c5053118591/edit"}
{"languages":["en"],"namespace":"menu","key":"users.updateEmployee","fallback":"users.updateEmployee","timestamp":"2026-06-15T09:26:30.726Z","url":"http://localhost:8081/employee/users/0650e142-9b11-4a3a-b140-6c5053118591/edit"}
{"languages":["en"],"namespace":"menu","key":"saving","fallback":"saving","timestamp":"2026-06-15T09:26:30.943Z","url":"http://localhost:8081/employee/users/0650e142-9b11-4a3a-b140-6c5053118591/edit"}
{"languages":["en"],"namespace":"menu","key":"users.updated","fallback":"users.updated","timestamp":"2026-06-15T09:26:39.140Z","url":"http://localhost:8081/employee/users/0650e142-9b11-4a3a-b140-6c5053118591/edit"}
{"languages":["en"],"namespace":"menu","key":"warehouse.invoiceDetails.sortAsc","fallback":"warehouse.invoiceDetails.sortAsc","timestamp":"2026-06-15T11:20:33.791Z","url":"http://localhost:8081/warehouse/invoices/new"}
{"languages":["en"],"namespace":"menu","key":"mealsProducts.totalCost","fallback":"mealsProducts.totalCost","timestamp":"2026-06-15T12:15:53.096Z","url":"http://localhost:8081/menu/meals/new"}
{"languages":["en"],"namespace":"menu","key":"warehouse.invoiceDetails.sortAsc","fallback":"warehouse.invoiceDetails.sortAsc","timestamp":"2026-06-15T12:15:53.121Z","url":"http://localhost:8081/menu/meals/new"}
{"languages":["en"],"namespace":"menu","key":"mealsProducts.comingSoon","fallback":"mealsProducts.comingSoon","timestamp":"2026-06-15T12:15:53.142Z","url":"http://localhost:8081/menu/meals/new"}
{"languages":["en"],"namespace":"menu","key":"warehouse.invoiceDetails.sortAsc","fallback":"warehouse.invoiceDetails.sortAsc","timestamp":"2026-06-15T12:15:53.158Z","url":"http://localhost:8081/warehouse/invoices/new"}
{"languages":["en"],"namespace":"menu","key":"mealsProducts.totalCost","fallback":"mealsProducts.totalCost","timestamp":"2026-06-15T15:06:36.369Z","url":"http://localhost:8081/menu/meals/new"}
{"languages":["en"],"namespace":"menu","key":"warehouse.invoiceDetails.sortAsc","fallback":"warehouse.invoiceDetails.sortAsc","timestamp":"2026-06-15T15:06:36.380Z","url":"http://localhost:8081/menu/meals/new"}
{"languages":["en"],"namespace":"menu","key":"mealsProducts.comingSoon","fallback":"mealsProducts.comingSoon","timestamp":"2026-06-15T15:06:36.391Z","url":"http://localhost:8081/menu/meals/new"}
{"languages":["en"],"namespace":"menu","key":"mealsProducts.totalCost","fallback":"mealsProducts.totalCost","timestamp":"2026-06-15T15:09:40.917Z","url":"http://localhost:8081/menu/meals/new"}
{"languages":["en"],"namespace":"menu","key":"warehouse.invoiceDetails.sortAsc","fallback":"warehouse.invoiceDetails.sortAsc","timestamp":"2026-06-15T15:09:40.928Z","url":"http://localhost:8081/menu/meals/new"}
{"languages":["en"],"namespace":"menu","key":"mealsProducts.comingSoon","fallback":"mealsProducts.comingSoon","timestamp":"2026-06-15T15:09:40.938Z","url":"http://localhost:8081/menu/meals/new"}
{"languages":["en"],"namespace":"menu","key":"warehouse.invoiceDetails.sortAsc","fallback":"warehouse.invoiceDetails.sortAsc","timestamp":"2026-06-15T15:14:43.076Z","url":"http://localhost:8081/warehouse/invoices/f97aa780-11fa-4e6b-8619-b2f2289221a8/edit"}
{"languages":["en"],"namespace":"menu","key":"warehouse.invoiceDetails.sortAsc","fallback":"warehouse.invoiceDetails.sortAsc","timestamp":"2026-06-15T15:15:10.112Z","url":"http://localhost:8081/warehouse/invoices/f97aa780-11fa-4e6b-8619-b2f2289221a8/edit"}
{"languages":["en"],"namespace":"menu","key":"cashbox.cashierDeleted","fallback":"cashbox.cashierDeleted","timestamp":"2026-06-15T15:16:10.630Z","url":"http://localhost:8081/cashbooks/transactions"}
{"languages":["en"],"namespace":"menu","key":"cashbox.cashierDeleted","fallback":"cashbox.cashierDeleted","timestamp":"2026-06-15T15:16:20.554Z","url":"http://localhost:8081/cashbooks/transactions"}
{"languages":["en"],"namespace":"menu","key":"outgoingInvoices.saveInvoice","fallback":"outgoingInvoices.saveInvoice","timestamp":"2026-06-15T15:19:09.653Z","url":"http://localhost:8081/operations/expense-invoices/new"}
{"languages":["en"],"namespace":"menu","key":"deductions.selectStorage","fallback":"deductions.selectStorage","timestamp":"2026-06-15T15:19:09.666Z","url":"http://localhost:8081/operations/expense-invoices/new"}
{"languages":["en"],"namespace":"menu","key":"outgoingInvoices.selectGroup","fallback":"outgoingInvoices.selectGroup","timestamp":"2026-06-15T15:19:09.667Z","url":"http://localhost:8081/operations/expense-invoices/new"}
{"languages":["en"],"namespace":"menu","key":"outgoingInvoices.enterDescription","fallback":"outgoingInvoices.enterDescription","timestamp":"2026-06-15T15:19:09.668Z","url":"http://localhost:8081/operations/expense-invoices/new"}
{"languages":["en"],"namespace":"menu","key":"warehouse.invoiceDetails.sortAsc","fallback":"warehouse.invoiceDetails.sortAsc","timestamp":"2026-06-15T15:19:09.727Z","url":"http://localhost:8081/operations/expense-invoices/new"}
{"languages":["en"],"namespace":"menu","key":"common.notFound","fallback":"common.notFound","timestamp":"2026-06-15T15:19:26.193Z","url":"http://localhost:8081/operations/transfers"}
{"languages":["en"],"namespace":"menu","key":"cashbox.cashierDeleted","fallback":"cashbox.cashierDeleted","timestamp":"2026-06-15T15:26:04.664Z","url":"http://localhost:8081/cashbooks/transactions"}
{"languages":["en"],"namespace":"menu","key":"cashbox.cashierDeleted","fallback":"cashbox.cashierDeleted","timestamp":"2026-06-15T16:12:02.759Z","url":"http://localhost:8081/cashbooks/transactions"}
{"languages":["en"],"namespace":"menu","key":"cashbox.cashierDeleted","fallback":"cashbox.cashierDeleted","timestamp":"2026-06-15T16:12:15.577Z","url":"http://localhost:8081/cashbooks/transactions"}
{"languages":["en"],"namespace":"menu","key":"comment","fallback":"comment","timestamp":"2026-06-15T16:18:28.838Z","url":"http://localhost:8081/cashbooks/orders/new"}
{"languages":["en"],"namespace":"menu","key":"cashbox.cashierDeleted","fallback":"cashbox.cashierDeleted","timestamp":"2026-06-15T16:27:43.651Z","url":"http://localhost:8081/cashbooks/transactions"}
{"languages":["en"],"namespace":"menu","key":"cashbox.cashierDeleted","fallback":"cashbox.cashierDeleted","timestamp":"2026-06-15T16:28:02.222Z","url":"http://localhost:8081/cashbooks/transactions"}
{"languages":["en"],"namespace":"menu","key":"users.identityDetails","fallback":"users.identityDetails","timestamp":"2026-06-22T17:34:19.188Z","url":"http://localhost:8081/employee/users/new"}
{"languages":["en"],"namespace":"menu","key":"common.selectRole","fallback":"common.selectRole","timestamp":"2026-06-22T17:34:19.190Z","url":"http://localhost:8081/employee/users/new"}
{"languages":["en"],"namespace":"menu","key":"common.active","fallback":"common.active","timestamp":"2026-06-22T17:34:19.190Z","url":"http://localhost:8081/employee/users/new"}
{"languages":["en"],"namespace":"menu","key":"users.personalLoginInfo","fallback":"users.personalLoginInfo","timestamp":"2026-06-22T17:34:19.189Z","url":"http://localhost:8081/employee/users/new"}
{"languages":["en"],"namespace":"menu","key":"users.systemAccess","fallback":"users.systemAccess","timestamp":"2026-06-22T17:34:19.189Z","url":"http://localhost:8081/employee/users/new"}
{"languages":["en"],"namespace":"menu","key":"users.permissionsHardware","fallback":"users.permissionsHardware","timestamp":"2026-06-22T17:34:19.189Z","url":"http://localhost:8081/employee/users/new"}
{"languages":["en"],"namespace":"menu","key":"common.inactive","fallback":"common.inactive","timestamp":"2026-06-22T17:34:19.190Z","url":"http://localhost:8081/employee/users/new"}
{"languages":["en"],"namespace":"menu","key":"users.addEmployee","fallback":"users.addEmployee","timestamp":"2026-06-22T17:34:19.191Z","url":"http://localhost:8081/employee/users/new"}
{"languages":["en"],"namespace":"menu","key":"saving","fallback":"saving","timestamp":"2026-06-22T17:34:19.236Z","url":"http://localhost:8081/employee/users/new"}
{"languages":["en"],"namespace":"menu","key":"users.identityDetails","fallback":"users.identityDetails","timestamp":"2026-06-22T17:38:14.185Z","url":"http://localhost:8081/employee/users/new"}
{"languages":["en"],"namespace":"menu","key":"users.personalLoginInfo","fallback":"users.personalLoginInfo","timestamp":"2026-06-22T17:38:14.186Z","url":"http://localhost:8081/employee/users/new"}
{"languages":["en"],"namespace":"menu","key":"users.systemAccess","fallback":"users.systemAccess","timestamp":"2026-06-22T17:38:14.189Z","url":"http://localhost:8081/employee/users/new"}
{"languages":["en"],"namespace":"menu","key":"users.permissionsHardware","fallback":"users.permissionsHardware","timestamp":"2026-06-22T17:38:14.190Z","url":"http://localhost:8081/employee/users/new"}
{"languages":["en"],"namespace":"menu","key":"common.selectRole","fallback":"common.selectRole","timestamp":"2026-06-22T17:38:14.191Z","url":"http://localhost:8081/employee/users/new"}
{"languages":["en"],"namespace":"menu","key":"common.active","fallback":"common.active","timestamp":"2026-06-22T17:38:14.192Z","url":"http://localhost:8081/employee/users/new"}
{"languages":["en"],"namespace":"menu","key":"common.inactive","fallback":"common.inactive","timestamp":"2026-06-22T17:38:14.193Z","url":"http://localhost:8081/employee/users/new"}
{"languages":["en"],"namespace":"menu","key":"users.addEmployee","fallback":"users.addEmployee","timestamp":"2026-06-22T17:38:14.194Z","url":"http://localhost:8081/employee/users/new"}
{"languages":["en"],"namespace":"menu","key":"saving","fallback":"saving","timestamp":"2026-06-22T17:38:14.330Z","url":"http://localhost:8081/employee/users/new"}
{"languages":["en"],"namespace":"menu","key":"users.identityDetails","fallback":"users.identityDetails","timestamp":"2026-06-22T18:27:02.543Z","url":"http://localhost:8081/employee/users/new"}
{"languages":["en"],"namespace":"menu","key":"users.personalLoginInfo","fallback":"users.personalLoginInfo","timestamp":"2026-06-22T18:27:02.545Z","url":"http://localhost:8081/employee/users/new"}
{"languages":["en"],"namespace":"menu","key":"users.systemAccess","fallback":"users.systemAccess","timestamp":"2026-06-22T18:27:02.547Z","url":"http://localhost:8081/employee/users/new"}
{"languages":["en"],"namespace":"menu","key":"users.permissionsHardware","fallback":"users.permissionsHardware","timestamp":"2026-06-22T18:27:02.548Z","url":"http://localhost:8081/employee/users/new"}
{"languages":["en"],"namespace":"menu","key":"common.selectRole","fallback":"common.selectRole","timestamp":"2026-06-22T18:27:02.549Z","url":"http://localhost:8081/employee/users/new"}
{"languages":["en"],"namespace":"menu","key":"common.active","fallback":"common.active","timestamp":"2026-06-22T18:27:02.550Z","url":"http://localhost:8081/employee/users/new"}
{"languages":["en"],"namespace":"menu","key":"common.inactive","fallback":"common.inactive","timestamp":"2026-06-22T18:27:02.550Z","url":"http://localhost:8081/employee/users/new"}
{"languages":["en"],"namespace":"menu","key":"users.addEmployee","fallback":"users.addEmployee","timestamp":"2026-06-22T18:27:02.551Z","url":"http://localhost:8081/employee/users/new"}
{"languages":["en"],"namespace":"menu","key":"saving","fallback":"saving","timestamp":"2026-06-22T18:27:02.716Z","url":"http://localhost:8081/employee/users/new"}
{"languages":["en"],"namespace":"menu","key":"users.identityDetails","fallback":"users.identityDetails","timestamp":"2026-06-22T18:30:59.603Z","url":"http://localhost:8081/employee/users/new"}
{"languages":["en"],"namespace":"menu","key":"users.personalLoginInfo","fallback":"users.personalLoginInfo","timestamp":"2026-06-22T18:30:59.604Z","url":"http://localhost:8081/employee/users/new"}
{"languages":["en"],"namespace":"menu","key":"users.systemAccess","fallback":"users.systemAccess","timestamp":"2026-06-22T18:30:59.606Z","url":"http://localhost:8081/employee/users/new"}
{"languages":["en"],"namespace":"menu","key":"users.permissionsHardware","fallback":"users.permissionsHardware","timestamp":"2026-06-22T18:30:59.607Z","url":"http://localhost:8081/employee/users/new"}
{"languages":["en"],"namespace":"menu","key":"common.selectRole","fallback":"common.selectRole","timestamp":"2026-06-22T18:30:59.608Z","url":"http://localhost:8081/employee/users/new"}
{"languages":["en"],"namespace":"menu","key":"common.inactive","fallback":"common.inactive","timestamp":"2026-06-22T18:30:59.610Z","url":"http://localhost:8081/employee/users/new"}
{"languages":["en"],"namespace":"menu","key":"common.active","fallback":"common.active","timestamp":"2026-06-22T18:30:59.609Z","url":"http://localhost:8081/employee/users/new"}
{"languages":["en"],"namespace":"menu","key":"users.addEmployee","fallback":"users.addEmployee","timestamp":"2026-06-22T18:30:59.611Z","url":"http://localhost:8081/employee/users/new"}
{"languages":["en"],"namespace":"menu","key":"saving","fallback":"saving","timestamp":"2026-06-22T18:30:59.754Z","url":"http://localhost:8081/employee/users/new"}
{"languages":["en"],"namespace":"menu","key":"users.identityDetails","fallback":"users.identityDetails","timestamp":"2026-06-22T22:24:04.135Z","url":"http://localhost:8081/employee/users/new"}
{"languages":["en"],"namespace":"menu","key":"users.personalLoginInfo","fallback":"users.personalLoginInfo","timestamp":"2026-06-22T22:24:04.136Z","url":"http://localhost:8081/employee/users/new"}
{"languages":["en"],"namespace":"menu","key":"users.systemAccess","fallback":"users.systemAccess","timestamp":"2026-06-22T22:24:04.138Z","url":"http://localhost:8081/employee/users/new"}
{"languages":["en"],"namespace":"menu","key":"users.permissionsHardware","fallback":"users.permissionsHardware","timestamp":"2026-06-22T22:24:04.138Z","url":"http://localhost:8081/employee/users/new"}
{"languages":["en"],"namespace":"menu","key":"common.selectRole","fallback":"common.selectRole","timestamp":"2026-06-22T22:24:04.139Z","url":"http://localhost:8081/employee/users/new"}
{"languages":["en"],"namespace":"menu","key":"common.active","fallback":"common.active","timestamp":"2026-06-22T22:24:04.140Z","url":"http://localhost:8081/employee/users/new"}
{"languages":["en"],"namespace":"menu","key":"common.inactive","fallback":"common.inactive","timestamp":"2026-06-22T22:24:04.140Z","url":"http://localhost:8081/employee/users/new"}
{"languages":["en"],"namespace":"menu","key":"users.addEmployee","fallback":"users.addEmployee","timestamp":"2026-06-22T22:24:04.141Z","url":"http://localhost:8081/employee/users/new"}
{"languages":["en"],"namespace":"menu","key":"saving","fallback":"saving","timestamp":"2026-06-22T22:24:04.253Z","url":"http://localhost:8081/employee/users/new"}
{"languages":["en"],"namespace":"menu","key":"users.identityDetails","fallback":"users.identityDetails","timestamp":"2026-06-23T05:21:30.785Z","url":"http://localhost:8081/employee/users/new"}
{"languages":["en"],"namespace":"menu","key":"users.personalLoginInfo","fallback":"users.personalLoginInfo","timestamp":"2026-06-23T05:21:30.785Z","url":"http://localhost:8081/employee/users/new"}
{"languages":["en"],"namespace":"menu","key":"users.systemAccess","fallback":"users.systemAccess","timestamp":"2026-06-23T05:21:30.786Z","url":"http://localhost:8081/employee/users/new"}
{"languages":["en"],"namespace":"menu","key":"users.permissionsHardware","fallback":"users.permissionsHardware","timestamp":"2026-06-23T05:21:30.786Z","url":"http://localhost:8081/employee/users/new"}
{"languages":["en"],"namespace":"menu","key":"common.selectRole","fallback":"common.selectRole","timestamp":"2026-06-23T05:21:30.787Z","url":"http://localhost:8081/employee/users/new"}
{"languages":["en"],"namespace":"menu","key":"common.active","fallback":"common.active","timestamp":"2026-06-23T05:21:30.787Z","url":"http://localhost:8081/employee/users/new"}
{"languages":["en"],"namespace":"menu","key":"common.inactive","fallback":"common.inactive","timestamp":"2026-06-23T05:21:30.787Z","url":"http://localhost:8081/employee/users/new"}
{"languages":["en"],"namespace":"menu","key":"users.addEmployee","fallback":"users.addEmployee","timestamp":"2026-06-23T05:21:30.788Z","url":"http://localhost:8081/employee/users/new"}
{"languages":["en"],"namespace":"menu","key":"saving","fallback":"saving","timestamp":"2026-06-23T05:21:30.833Z","url":"http://localhost:8081/employee/users/new"}
{"languages":["en"],"namespace":"menu","key":"users.created","fallback":"users.created","timestamp":"2026-06-23T05:22:02.082Z","url":"http://localhost:8081/employee/users/new"}
{"languages":["en"],"namespace":"menu","key":"users.identityDetails","fallback":"users.identityDetails","timestamp":"2026-06-23T05:23:32.041Z","url":"http://localhost:8081/employee/users/new"}
{"languages":["en"],"namespace":"menu","key":"users.personalLoginInfo","fallback":"users.personalLoginInfo","timestamp":"2026-06-23T05:23:32.041Z","url":"http://localhost:8081/employee/users/new"}
{"languages":["en"],"namespace":"menu","key":"users.systemAccess","fallback":"users.systemAccess","timestamp":"2026-06-23T05:23:32.042Z","url":"http://localhost:8081/employee/users/new"}
{"languages":["en"],"namespace":"menu","key":"users.permissionsHardware","fallback":"users.permissionsHardware","timestamp":"2026-06-23T05:23:32.042Z","url":"http://localhost:8081/employee/users/new"}
{"languages":["en"],"namespace":"menu","key":"common.selectRole","fallback":"common.selectRole","timestamp":"2026-06-23T05:23:32.043Z","url":"http://localhost:8081/employee/users/new"}
{"languages":["en"],"namespace":"menu","key":"common.active","fallback":"common.active","timestamp":"2026-06-23T05:23:32.043Z","url":"http://localhost:8081/employee/users/new"}
{"languages":["en"],"namespace":"menu","key":"common.inactive","fallback":"common.inactive","timestamp":"2026-06-23T05:23:32.043Z","url":"http://localhost:8081/employee/users/new"}
{"languages":["en"],"namespace":"menu","key":"users.addEmployee","fallback":"users.addEmployee","timestamp":"2026-06-23T05:23:32.044Z","url":"http://localhost:8081/employee/users/new"}
{"languages":["en"],"namespace":"menu","key":"saving","fallback":"saving","timestamp":"2026-06-23T05:23:32.091Z","url":"http://localhost:8081/employee/users/new"}
{"languages":["en"],"namespace":"menu","key":"users.created","fallback":"users.created","timestamp":"2026-06-23T05:25:42.278Z","url":"http://localhost:8081/employee/users/new"}
{"languages":["en"],"namespace":"menu","key":"mealsProducts.upload_image","fallback":"mealsProducts.upload_image","timestamp":"2026-06-23T09:21:32.374Z","url":"http://localhost:8081/menu/ingredients/new"}
{"languages":["en"],"namespace":"menu","key":"mealsProducts.totalCost","fallback":"mealsProducts.totalCost","timestamp":"2026-06-23T09:21:53.554Z","url":"http://localhost:8081/menu/meals/new"}
{"languages":["en"],"namespace":"menu","key":"warehouse.invoiceDetails.sortAsc","fallback":"warehouse.invoiceDetails.sortAsc","timestamp":"2026-06-23T09:21:53.569Z","url":"http://localhost:8081/menu/meals/new"}
{"languages":["en"],"namespace":"menu","key":"mealsProducts.comingSoon","fallback":"mealsProducts.comingSoon","timestamp":"2026-06-23T09:21:53.590Z","url":"http://localhost:8081/menu/meals/new"}
{"languages":["en"],"namespace":"menu","key":"mealsProducts.upload_image","fallback":"mealsProducts.upload_image","timestamp":"2026-06-23T09:24:35.386Z","url":"http://localhost:8081/menu/ingredients/new"}
{"languages":["en"],"namespace":"menu","key":"mealsProducts.totalCost","fallback":"mealsProducts.totalCost","timestamp":"2026-06-23T09:24:49.696Z","url":"http://localhost:8081/menu/meals/new"}
{"languages":["en"],"namespace":"menu","key":"warehouse.invoiceDetails.sortAsc","fallback":"warehouse.invoiceDetails.sortAsc","timestamp":"2026-06-23T09:24:49.712Z","url":"http://localhost:8081/menu/meals/new"}
{"languages":["en"],"namespace":"menu","key":"mealsProducts.comingSoon","fallback":"mealsProducts.comingSoon","timestamp":"2026-06-23T09:24:49.729Z","url":"http://localhost:8081/menu/meals/new"}
{"languages":["en"],"namespace":"menu","key":"warehouse.invoiceDetails.sortAsc","fallback":"warehouse.invoiceDetails.sortAsc","timestamp":"2026-07-10T04:11:49.687Z","url":"http://localhost:8081/operations/transfers/new"}
{"languages":["en"],"namespace":"menu","key":"warehouse.invoiceDetails.sortAsc","fallback":"warehouse.invoiceDetails.sortAsc","timestamp":"2026-07-10T04:12:55.233Z","url":"http://localhost:8081/operations/transfers/new"}
{"languages":["en"],"namespace":"menu","key":"warehouse.invoiceDetails.sortAsc","fallback":"warehouse.invoiceDetails.sortAsc","timestamp":"2026-07-10T04:34:43.241Z","url":"http://localhost:8081/operations/transfers/new"}
{"languages":["en"],"namespace":"menu","key":"users.identityDetails","fallback":"users.identityDetails","timestamp":"2026-07-11T11:22:40.686Z","url":"http://localhost:8081/employee/users/207d4cd5-461f-4160-875b-3c7bb6bb905e/edit"}
{"languages":["en"],"namespace":"menu","key":"users.personalLoginInfo","fallback":"users.personalLoginInfo","timestamp":"2026-07-11T11:22:40.687Z","url":"http://localhost:8081/employee/users/207d4cd5-461f-4160-875b-3c7bb6bb905e/edit"}
{"languages":["en"],"namespace":"menu","key":"common.selectRole","fallback":"common.selectRole","timestamp":"2026-07-11T11:22:40.689Z","url":"http://localhost:8081/employee/users/207d4cd5-461f-4160-875b-3c7bb6bb905e/edit"}
{"languages":["en"],"namespace":"menu","key":"users.systemAccess","fallback":"users.systemAccess","timestamp":"2026-07-11T11:22:40.688Z","url":"http://localhost:8081/employee/users/207d4cd5-461f-4160-875b-3c7bb6bb905e/edit"}
{"languages":["en"],"namespace":"menu","key":"common.active","fallback":"common.active","timestamp":"2026-07-11T11:22:40.690Z","url":"http://localhost:8081/employee/users/207d4cd5-461f-4160-875b-3c7bb6bb905e/edit"}
{"languages":["en"],"namespace":"menu","key":"users.permissionsHardware","fallback":"users.permissionsHardware","timestamp":"2026-07-11T11:22:40.688Z","url":"http://localhost:8081/employee/users/207d4cd5-461f-4160-875b-3c7bb6bb905e/edit"}
{"languages":["en"],"namespace":"menu","key":"common.inactive","fallback":"common.inactive","timestamp":"2026-07-11T11:22:40.691Z","url":"http://localhost:8081/employee/users/207d4cd5-461f-4160-875b-3c7bb6bb905e/edit"}
{"languages":["en"],"namespace":"menu","key":"users.updateEmployee","fallback":"users.updateEmployee","timestamp":"2026-07-11T11:22:40.692Z","url":"http://localhost:8081/employee/users/207d4cd5-461f-4160-875b-3c7bb6bb905e/edit"}
{"languages":["en"],"namespace":"menu","key":"saving","fallback":"saving","timestamp":"2026-07-11T11:22:40.802Z","url":"http://localhost:8081/employee/users/207d4cd5-461f-4160-875b-3c7bb6bb905e/edit"}
{"languages":["en"],"namespace":"menu","key":"common.notFound","fallback":"common.notFound","timestamp":"2026-07-11T17:13:13.748Z","url":"http://localhost:8081/operations/transfers"}
{"languages":["en"],"namespace":"menu","key":"common.notFound","fallback":"common.notFound","timestamp":"2026-07-11T21:20:52.320Z","url":"http://localhost:8082/operations/transfers"}
{"languages":["en"],"namespace":"menu","key":"common.notFound","fallback":"common.notFound","timestamp":"2026-07-11T22:29:17.569Z","url":"http://localhost:8082/operations/transfers"}
{"languages":["en"],"namespace":"menu","key":"error.notFound","fallback":"error.notFound","timestamp":"2026-07-11T22:38:56.343Z","url":"http://localhost:8082/operations/transfers/051dfde2-5bf9-48c1-b28e-3053d5b199c7/edit"}
{"languages":["en"],"namespace":"menu","key":"cashbox.cashierDeleted","fallback":"cashbox.cashierDeleted","timestamp":"2026-07-12T05:15:47.059Z","url":"http://localhost:8081/cashbooks/transactions"}
{"languages":["en"],"namespace":"menu","key":"cashbox.cashierDeleted","fallback":"cashbox.cashierDeleted","timestamp":"2026-07-12T05:31:43.182Z","url":"http://localhost:8081/cashbooks/transactions"}
{"languages":["en"],"namespace":"menu","key":"error.notFound","fallback":"error.notFound","timestamp":"2026-07-12T05:32:51.838Z","url":"http://localhost:8081/operations/transfers/051dfde2-5bf9-48c1-b28e-3053d5b199c7/edit"}
{"languages":["en"],"namespace":"menu","key":"analyticsDashboard.settings.closeSettingsAria","fallback":"analyticsDashboard.settings.closeSettingsAria","timestamp":"2026-07-13T09:10:06.422Z","url":"http://localhost:8081/dashboard"}
